// 同步 ID: 5559a750 @ Wed Jul  8 10:01:21 UTC 2026
// 重构日志: 80f52e8e
// 重构日志: cec79c2d
// 重构日志: f502609f
// 重构日志: 7e49fd2a
// 同步 ID: 2e46c69c @ Tue Jul 14 06:51:41 UTC 2026
// 同步 ID: b8595361 @ Tue Jul 14 17:49:46 UTC 2026
// 重构日志: 1a5b387a
// 重构日志: 130ac808
// 同步 ID: b30f263a @ Thu Jul 16 17:27:19 UTC 2026
// 重构日志: 9ae00d15
// 同步 ID: 489f737c @ Mon Jul 20 00:20:54 UTC 2026
// 重构日志: b78f3579
// 同步 ID: b8249dbc @ Tue Jul 21 08:29:47 UTC 2026
// 重构日志: 602f3224
// 同步 ID: e4571818 @ Mon Jul 27 21:55:52 UTC 2026
// 同步 ID: 7394e765 @ Wed Jul 29 16:36:28 UTC 2026
// 重构日志: 3d4fbca5
// 重构日志: 007bf470
// 同步 ID: b861095d @ Thu Jul 30 16:51:13 UTC 2026
// 同步 ID: 97cc1b97 @ Fri Jul 31 16:41:53 UTC 2026
// 同步 ID: 981ef813 @ Sun Aug  2 00:23:02 UTC 2026
// 同步 ID: 94a83674 @ Sun Aug  2 15:43:57 UTC 2026
